

07/08/2026 11:02:46

ANTIGO:


NOVO:
MJHGDS

------------------------------------



10/08/2026 07:47:34

ANTIGO:
MJHGDS

NOVO:
TRFGHJ

------------------------------------



10/08/2026 08:03:24

ANTIGO:
TRFGHJ

NOVO:
AAAAAA

------------------------------------



10/08/2026 08:08:56

ANTIGO:
AAAAAA

NOVO:
BBBBBB

------------------------------------



10/08/2026 08:09:04

ANTIGO:
BBBBBB

NOVO:
AAAAAA

------------------------------------



10/08/2026 08:15:32

ANTIGO:
AAAAAA

NOVO:
BBBBBB

------------------------------------



10/08/2026 08:15:36

ANTIGO:
BBBBBB

NOVO:
SDRFTA

------------------------------------



10/08/2026 08:15:43

ANTIGO:
SDRFTA

NOVO:
ADEGGA

------------------------------------



10/08/2026 08:23:48

ANTIGO:
ADEGGA

NOVO:
AAAAAA

------------------------------------



10/08/2026 08:23:53

ANTIGO:
AAAAAA

NOVO:
BBBBBB

------------------------------------



10/08/2026 08:24:01

ANTIGO:
BBBBBB

NOVO:
CCCCCC

------------------------------------



10/08/2026 08:24:10

ANTIGO:
CCCCCC

NOVO:
QWERTG

------------------------------------



10/08/2026 08:28:32

ANTIGO:
QWERTG

NOVO:
AAABBB

------------------------------------



10/08/2026 08:29:25

ANTIGO:
AAABBB

NOVO:
CCCCCC

------------------------------------



10/08/2026 08:29:37

ANTIGO:
CCCCCC

NOVO:
AAABBB

------------------------------------



10/08/2026 08:29:43

ANTIGO:
AAABBB

NOVO:
CCCCCC

------------------------------------



10/08/2026 08:30:35

ANTIGO:
CCCCCC

NOVO:
LKOPIU

------------------------------------



10/08/2026 09:10:14

ANTIGO:
LKOPIU

NOVO:
AAAAAA

------------------------------------



10/08/2026 09:19:59

ANTIGO:
AAAAAA

NOVO:
SASDES

------------------------------------



10/08/2026 09:20:07

ANTIGO:
SASDES

NOVO:
REYTTF

------------------------------------



10/08/2026 09:22:04

ANTIGO:
REYTTF

NOVO:
FDSAER

------------------------------------



10/08/2026 10:32:38

ANTIGO:
FDSAER

NOVO:
FDSAWE

------------------------------------



10/08/2026 10:32:47

ANTIGO:
FDSAWE

NOVO:
WERTYU

------------------------------------



10/08/2026 10:32:59

ANTIGO:
WERTYU

NOVO:
QWEDSX

------------------------------------



10/08/2026 11:00:05

ANTIGO:
QWEDSX

NOVO:
AAAAAA

------------------------------------



11/08/2026 08:05:55

ANTIGO:
SSSSSS

NOVO:
ABCDEF

------------------------------------



11/08/2026 08:36:31

TROCA DE PROGRAMA

ANTIGO:
SEM PROGRAMA

NOVO:
BOSCH127.ezd

------------------------------------



11/08/2026 08:40:35

TROCA DE PROGRAMA

ANTIGO:
BOSCH127.ezd

NOVO:
CAT314.ezd

------------------------------------



11/08/2026 08:44:24

TROCA DE PROGRAMA

ANTIGO:
CAT314.ezd

NOVO:
LOGO_FUNDIMIG.ezd

------------------------------------



11/08/2026 09:05:01

TROCA DE PROGRAMA

ANTIGO:
LOGO_FUNDIMIG.ezd

NOVO:
CAT626.ezd

------------------------------------



11/08/2026 09:05:04

TROCA DE PROGRAMA

ANTIGO:
CAT626.ezd

NOVO:
CAT314.ezd

------------------------------------



11/08/2026 09:05:29

TROCA DE PROGRAMA

ANTIGO:
CAT314.ezd

NOVO:
BOSCH127.ezd

------------------------------------



11/08/2026 09:05:32

TROCA DE PROGRAMA

ANTIGO:
BOSCH127.ezd

NOVO:
CAT314.ezd

------------------------------------



11/08/2026 09:05:38

TROCA DE PROGRAMA

ANTIGO:
CAT314.ezd

NOVO:
BOSCH127.ezd

------------------------------------



11/08/2026 09:08:33

TROCA DE PROGRAMA

ANTIGO:
BOSCH127.ezd

NOVO:
LOGO_FUNDIMIG.ezd

------------------------------------



11/08/2026 09:08:36

TROCA DE PROGRAMA

ANTIGO:
LOGO_FUNDIMIG.ezd

NOVO:
CAT314.ezd

------------------------------------



11/08/2026 09:08:43

TROCA DE PROGRAMA

ANTIGO:
CAT314.ezd

NOVO:
BOSCH127.ezd

------------------------------------



11/08/2026 09:14:50

TROCA DE PROGRAMA

ANTIGO:
BOSCH127.ezd

NOVO:
CAT314.ezd

------------------------------------



11/08/2026 09:14:53

TROCA DE PROGRAMA

ANTIGO:
CAT314.ezd

NOVO:
CAT626.ezd

------------------------------------



11/08/2026 09:14:56

TROCA DE PROGRAMA

ANTIGO:
CAT626.ezd

NOVO:
LOGO_FUNDIMIG.ezd

------------------------------------



11/08/2026 09:14:58

TROCA DE PROGRAMA

ANTIGO:
LOGO_FUNDIMIG.ezd

NOVO:
BOSCH127.ezd

------------------------------------



11/08/2026 09:20:23

TROCA DE PROGRAMA

ANTIGO:
BOSCH127.ezd

NOVO:
CAT314.ezd

------------------------------------



11/08/2026 09:20:30

TROCA DE PROGRAMA

ANTIGO:
CAT314.ezd

NOVO:
BOSCH127.ezd

------------------------------------



11/08/2026 09:22:25

TROCA DE PROGRAMA

ANTIGO:
BOSCH127.ezd

NOVO:
CAT314.ezd

------------------------------------



11/08/2026 09:22:27

TROCA DE PROGRAMA

ANTIGO:
CAT314.ezd

NOVO:
BOSCH127.ezd

------------------------------------



11/08/2026 09:39:23

TROCA DE PROGRAMA

ANTIGO:
BOSCH127.ezd

NOVO:
CAT314.ezd

------------------------------------



11/08/2026 09:39:30

TROCA DE PROGRAMA

ANTIGO:
CAT314.ezd

NOVO:
BOSCH127.ezd

------------------------------------



11/08/2026 09:46:14

TROCA DE PROGRAMA

ANTIGO:
BOSCH127.ezd

NOVO:
CAT314.ezd

------------------------------------



11/08/2026 09:46:25

TROCA DE PROGRAMA

ANTIGO:
CAT314.ezd

NOVO:
CAT626.ezd

------------------------------------



11/08/2026 09:46:29

TROCA DE PROGRAMA

ANTIGO:
CAT626.ezd

NOVO:
BOSCH127.ezd

------------------------------------



11/08/2026 09:47:37

TROCA DE PROGRAMA

ANTIGO:
BOSCH127.ezd

NOVO:
CAT314.ezd

------------------------------------



11/08/2026 09:48:57

TROCA DE PROGRAMA

ANTIGO:
CAT314.ezd

NOVO:
BOSCH127.ezd

------------------------------------



11/08/2026 09:49:17

TROCA DE PROGRAMA

ANTIGO:
BOSCH127.ezd

NOVO:
CAT314.ezd

------------------------------------



11/08/2026 09:49:26

TROCA DE PROGRAMA

ANTIGO:
CAT314.ezd

NOVO:
CAT626.ezd

------------------------------------



11/08/2026 09:49:47

ANTIGO:
ABCDEF

NOVO:
SDFHUG

------------------------------------



11/08/2026 09:51:58

TROCA DE PROGRAMA

ANTIGO:
CAT626.ezd

NOVO:
CAT314.ezd

------------------------------------



11/08/2026 09:53:38

TROCA DE PROGRAMA

ANTIGO:
CAT314.ezd

NOVO:
LOGO_FUNDIMIG.ezd

------------------------------------



11/08/2026 09:57:04

TROCA DE PROGRAMA

ANTIGO:
LOGO_FUNDIMIG.ezd

NOVO:
CAT314.ezd

------------------------------------



11/08/2026 09:57:10

ANTIGO:
SDFHUG

NOVO:
AAAAAA

------------------------------------



11/08/2026 10:19:10

TROCA DE PROGRAMA

ANTIGO:
CAT314.ezd

NOVO:
BOSCH127.ezd

------------------------------------



11/08/2026 10:42:48

TROCA DE PROGRAMA

ANTIGO:
BOSCH127.ezd

NOVO:
CAT314.ezd

------------------------------------



11/08/2026 10:42:53

TROCA DE PROGRAMA

ANTIGO:
CAT314.ezd

NOVO:
BOSCH127.ezd

------------------------------------



11/08/2026 10:42:58

TROCA DE PROGRAMA

ANTIGO:
BOSCH127.ezd

NOVO:
CAT314.ezd

------------------------------------



11/08/2026 10:46:52

TROCA DE PROGRAMA

ANTIGO:
CAT314.ezd

NOVO:
CAT626.ezd

------------------------------------



11/08/2026 10:46:56

TROCA DE PROGRAMA

ANTIGO:
CAT626.ezd

NOVO:
BOSCH127.ezd

------------------------------------



11/08/2026 10:50:48

TROCA DE PROGRAMA

ANTIGO:
BOSCH127.ezd

NOVO:
CAT314.ezd

------------------------------------



11/08/2026 10:50:54

TROCA DE PROGRAMA

ANTIGO:
CAT314.ezd

NOVO:
BOSCH127.ezd

------------------------------------



11/08/2026 11:06:39

TROCA DE PROGRAMA

ANTIGO:
BOSCH127.ezd

NOVO:
CAT314.ezd

------------------------------------



11/08/2026 11:06:42

TROCA DE PROGRAMA

ANTIGO:
CAT314.ezd

NOVO:
BOSCH127.ezd

------------------------------------



11/08/2026 11:07:08

TROCA DE PROGRAMA

ANTIGO:
BOSCH127.ezd

NOVO:
CAT314.ezd

------------------------------------



11/08/2026 11:09:51

TROCA DE PROGRAMA

ANTIGO:
CAT314.ezd

NOVO:
CAT626.ezd

------------------------------------



11/08/2026 11:09:54

TROCA DE PROGRAMA

ANTIGO:
CAT626.ezd

NOVO:
BOSCH127.ezd

------------------------------------



11/08/2026 11:09:57

TROCA DE PROGRAMA

ANTIGO:
BOSCH127.ezd

NOVO:
CAT314.ezd

------------------------------------



11/08/2026 11:10:00

TROCA DE PROGRAMA

ANTIGO:
CAT314.ezd

NOVO:
BOSCH127.ezd

------------------------------------



11/08/2026 11:12:56

TROCA DE PROGRAMA

ANTIGO:
BOSCH127.ezd

NOVO:
CAT314.ezd

------------------------------------



11/08/2026 11:12:58

TROCA DE PROGRAMA

ANTIGO:
CAT314.ezd

NOVO:
CAT626.ezd

------------------------------------



11/08/2026 11:13:01

TROCA DE PROGRAMA

ANTIGO:
CAT626.ezd

NOVO:
LOGO_FUNDIMIG.ezd

------------------------------------



11/08/2026 11:13:03

TROCA DE PROGRAMA

ANTIGO:
LOGO_FUNDIMIG.ezd

NOVO:
BOSCH127.ezd

------------------------------------



11/08/2026 11:26:40

TROCA DE PROGRAMA

ANTIGO:
BOSCH127.ezd

NOVO:
CAT314.ezd

------------------------------------



11/08/2026 11:26:56

TROCA DE PROGRAMA

ANTIGO:
CAT314.ezd

NOVO:
BOSCH127.ezd

------------------------------------



11/08/2026 11:41:17

TROCA DE PROGRAMA

ANTIGO:
BOSCH127.ezd

NOVO:
CAT314.ezd

------------------------------------



11/08/2026 11:41:54

TROCA DE PROGRAMA

ANTIGO:
CAT314.ezd

NOVO:
BOSCH127.ezd

------------------------------------



11/08/2026 11:42:10

TROCA DE PROGRAMA

ANTIGO:
BOSCH127.ezd

NOVO:
CAT314.ezd

------------------------------------



11/08/2026 11:42:28

TROCA DE PROGRAMA

ANTIGO:
CAT314.ezd

NOVO:
CAT626.ezd

------------------------------------



11/08/2026 11:43:31

TROCA DE PROGRAMA

ANTIGO:
CAT626.ezd

NOVO:
BOSCH127.ezd

------------------------------------



11/08/2026 12:58:16

TROCA DE PROGRAMA

ANTIGO:
BOSCH127.ezd

NOVO:
CAT314.ezd

------------------------------------



11/08/2026 12:58:27

ANTIGO:
AAAAAA

NOVO:
BBBBBB

------------------------------------



11/08/2026 12:58:45

TROCA DE PROGRAMA

ANTIGO:
CAT314.ezd

NOVO:
BOSCH127.ezd

------------------------------------



11/08/2026 12:58:58

TROCA DE PROGRAMA

ANTIGO:
BOSCH127.ezd

NOVO:
CAT626.ezd

------------------------------------



11/08/2026 12:59:16

TROCA DE PROGRAMA

ANTIGO:
CAT626.ezd

NOVO:
LOGO_FUNDIMIG.ezd

------------------------------------



11/08/2026 12:59:45

TROCA DE PROGRAMA

ANTIGO:
LOGO_FUNDIMIG.ezd

NOVO:
BOSCH127.ezd

------------------------------------



11/08/2026 13:01:01

TROCA DE PROGRAMA

ANTIGO:
BOSCH127.ezd

NOVO:
CAT626.ezd

------------------------------------



11/08/2026 13:01:10

TROCA DE PROGRAMA

ANTIGO:
CAT626.ezd

NOVO:
BOSCH127.ezd

------------------------------------



11/08/2026 13:03:32

TROCA DE PROGRAMA

ANTIGO:
BOSCH127.ezd

NOVO:
LOGO_FUNDIMIG.ezd

------------------------------------



11/08/2026 13:06:14

TROCA DE PROGRAMA

ANTIGO:
LOGO_FUNDIMIG.ezd

NOVO:
CAT626.ezd

------------------------------------



11/08/2026 13:07:33

ANTIGO:
BBBBBB

NOVO:
ASDQWE

------------------------------------



11/08/2026 13:54:54

TROCA DE PROGRAMA

ANTIGO:
CAT626.ezd

NOVO:
LOGO_FUNDIMIG.ezd

------------------------------------



11/08/2026 13:55:05

TROCA DE PROGRAMA

ANTIGO:
LOGO_FUNDIMIG.ezd

NOVO:
BOSCH127.ezd

------------------------------------



11/08/2026 13:56:57

TROCA DE PROGRAMA

ANTIGO:
BOSCH127.ezd

NOVO:
CAT314.ezd

------------------------------------



11/08/2026 13:57:01

TROCA DE PROGRAMA

ANTIGO:
CAT314.ezd

NOVO:
CAT626.ezd

------------------------------------



11/08/2026 14:03:56

TROCA DE PROGRAMA

ANTIGO:
CAT626.ezd

NOVO:
CAT314.ezd

------------------------------------



11/08/2026 14:04:07

TROCA DE PROGRAMA

ANTIGO:
CAT314.ezd

NOVO:
BOSCH127.ezd

------------------------------------



11/08/2026 14:08:23

TROCA DE PROGRAMA

ANTIGO:
BOSCH127.ezd

NOVO:
CAT314.ezd

------------------------------------



11/08/2026 14:08:28

TROCA DE PROGRAMA

ANTIGO:
CAT314.ezd

NOVO:
CAT626.ezd

------------------------------------



11/08/2026 14:08:32

TROCA DE PROGRAMA

ANTIGO:
CAT626.ezd

NOVO:
LOGO_FUNDIMIG.ezd

------------------------------------



11/08/2026 14:10:47

TROCA DE PROGRAMA

ANTIGO:
LOGO_FUNDIMIG.ezd

NOVO:
BOSCH127.ezd

------------------------------------



11/08/2026 14:11:00

TROCA DE PROGRAMA

ANTIGO:
BOSCH127.ezd

NOVO:
CAT314.ezd

------------------------------------



11/08/2026 14:11:04

TROCA DE PROGRAMA

ANTIGO:
CAT314.ezd

NOVO:
CAT626.ezd

------------------------------------



11/08/2026 14:11:07

TROCA DE PROGRAMA

ANTIGO:
CAT626.ezd

NOVO:
LOGO_FUNDIMIG.ezd

------------------------------------



11/08/2026 14:13:05

TROCA DE PROGRAMA

ANTIGO:
LOGO_FUNDIMIG.ezd

NOVO:
BOSCH127.ezd

------------------------------------



11/08/2026 14:13:30

TROCA DE PROGRAMA

ANTIGO:
BOSCH127.ezd

NOVO:
CAT314.ezd

------------------------------------



11/08/2026 14:16:28

TROCA DE PROGRAMA

ANTIGO:
CAT314.ezd

NOVO:
CAT626.ezd

------------------------------------



11/08/2026 14:19:30

TROCA DE PROGRAMA

ANTIGO:
CAT626.ezd

NOVO:
CAT314.ezd

------------------------------------



11/08/2026 14:26:53

TROCA DE PROGRAMA

ANTIGO:
CAT314.ezd

NOVO:
CAT626.ezd

------------------------------------



11/08/2026 14:27:10

TROCA DE PROGRAMA

ANTIGO:
CAT626.ezd

NOVO:
CAT314.ezd

------------------------------------



11/08/2026 14:27:38

TROCA DE PROGRAMA

ANTIGO:
CAT314.ezd

NOVO:
BOSCH127.ezd

------------------------------------



11/08/2026 14:27:47

TROCA DE PROGRAMA

ANTIGO:
BOSCH127.ezd

NOVO:
CAT314.ezd

------------------------------------



11/08/2026 14:27:58

TROCA DE PROGRAMA

ANTIGO:
CAT314.ezd

NOVO:
LOGO_FUNDIMIG.ezd

------------------------------------



11/08/2026 14:28:13

TROCA DE PROGRAMA

ANTIGO:
LOGO_FUNDIMIG.ezd

NOVO:
CAT626.ezd

------------------------------------



11/08/2026 14:30:04

TROCA DE PROGRAMA

ANTIGO:
CAT626.ezd

NOVO:
LOGO_FUNDIMIG.ezd

------------------------------------



11/08/2026 14:35:04

TROCA DE PROGRAMA

ANTIGO:
LOGO_FUNDIMIG.ezd

NOVO:
CAT626.ezd

------------------------------------



11/08/2026 14:35:59

TROCA DE PROGRAMA

ANTIGO:
CAT626.ezd

NOVO:
BOSCH127.ezd

------------------------------------



11/08/2026 14:40:33

TROCA DE PROGRAMA

ANTIGO:
BOSCH127.ezd

NOVO:
CAT314.ezd

------------------------------------



11/08/2026 14:40:45

TROCA DE PROGRAMA

ANTIGO:
CAT314.ezd

NOVO:
CAT626.ezd

------------------------------------



11/08/2026 14:41:48

TROCA DE PROGRAMA

ANTIGO:
CAT626.ezd

NOVO:
BOSCH127.ezd

------------------------------------



11/08/2026 14:42:12

TROCA DE PROGRAMA

ANTIGO:
BOSCH127.ezd

NOVO:
LOGO_FUNDIMIG.ezd

------------------------------------



11/08/2026 14:42:45

TROCA DE PROGRAMA

ANTIGO:
LOGO_FUNDIMIG.ezd

NOVO:
CAT626.ezd

------------------------------------



11/08/2026 14:48:42

TROCA DE PROGRAMA

ANTIGO:
CAT626.ezd

NOVO:
LOGO_FUNDIMIG.ezd

------------------------------------



11/08/2026 14:51:31

TROCA DE PROGRAMA

ANTIGO:
LOGO_FUNDIMIG.ezd

NOVO:
BOSCH127.ezd

------------------------------------



11/08/2026 14:52:16

TROCA DE PROGRAMA

ANTIGO:
BOSCH127.ezd

NOVO:
CAT314.ezd

------------------------------------



11/08/2026 14:54:35

TROCA DE PROGRAMA

ANTIGO:
CAT314.ezd

NOVO:
BOSCH127.ezd

------------------------------------



11/08/2026 14:59:03

TROCA DE PROGRAMA

ANTIGO:
BOSCH127.ezd

NOVO:
CAT314.ezd

------------------------------------



11/08/2026 14:59:33

TROCA DE PROGRAMA

ANTIGO:
CAT314.ezd

NOVO:
BOSCH127.ezd

------------------------------------



11/08/2026 14:59:41

TROCA DE PROGRAMA

ANTIGO:
BOSCH127.ezd

NOVO:
CAT314.ezd

------------------------------------



11/08/2026 14:59:50

TROCA DE PROGRAMA

ANTIGO:
CAT314.ezd

NOVO:
LOGO_FUNDIMIG.ezd

------------------------------------



11/08/2026 15:04:36

TROCA DE PROGRAMA

ANTIGO:
LOGO_FUNDIMIG.ezd

NOVO:
CAT626.ezd

------------------------------------



11/08/2026 15:05:56

TROCA DE PROGRAMA

ANTIGO:
CAT626.ezd

NOVO:
BOSCH127.ezd

------------------------------------



11/08/2026 15:07:58

TROCA DE PROGRAMA

ANTIGO:
BOSCH127.ezd

NOVO:
CAT314.ezd

------------------------------------



11/08/2026 15:08:19

TROCA DE PROGRAMA

ANTIGO:
CAT314.ezd

NOVO:
BOSCH127.ezd

------------------------------------



11/08/2026 15:09:23

TROCA DE PROGRAMA

ANTIGO:
BOSCH127.ezd

NOVO:
LOGO_FUNDIMIG.ezd

------------------------------------



11/08/2026 15:39:43

TROCA DE PROGRAMA

ANTIGO:
LOGO_FUNDIMIG.ezd

NOVO:
BOSCH127.ezd

------------------------------------



11/08/2026 15:40:52

TROCA DE PROGRAMA

ANTIGO:
BOSCH127.ezd

NOVO:
CAT314.ezd

------------------------------------



11/08/2026 15:41:06

TROCA DE PROGRAMA

ANTIGO:
CAT314.ezd

NOVO:
CAT626.ezd

------------------------------------



11/08/2026 15:41:17

TROCA DE PROGRAMA

ANTIGO:
CAT626.ezd

NOVO:
LOGO_FUNDIMIG.ezd

------------------------------------



11/08/2026 15:41:23

TROCA DE PROGRAMA

ANTIGO:
LOGO_FUNDIMIG.ezd

NOVO:
BOSCH127.ezd

------------------------------------



11/08/2026 15:41:37

TROCA DE PROGRAMA

ANTIGO:
BOSCH127.ezd

NOVO:
CAT314.ezd

------------------------------------



11/08/2026 15:42:27

TROCA DE PROGRAMA

ANTIGO:
CAT314.ezd

NOVO:
CAT626.ezd

------------------------------------



11/08/2026 15:44:29

TROCA DE PROGRAMA

ANTIGO:
CAT626.ezd

NOVO:
BOSCH127.ezd

------------------------------------



11/08/2026 15:44:45

TROCA DE PROGRAMA

ANTIGO:
BOSCH127.ezd

NOVO:
CAT314.ezd

------------------------------------



11/08/2026 15:44:49

TROCA DE PROGRAMA

ANTIGO:
CAT314.ezd

NOVO:
BOSCH127.ezd

------------------------------------



11/08/2026 15:44:59

TROCA DE PROGRAMA

ANTIGO:
BOSCH127.ezd

NOVO:
LOGO_FUNDIMIG.ezd

------------------------------------



11/08/2026 15:45:10

TROCA DE PROGRAMA

ANTIGO:
LOGO_FUNDIMIG.ezd

NOVO:
BOSCH127.ezd

------------------------------------



11/08/2026 15:57:13

TROCA DE PROGRAMA

ANTIGO:
BOSCH127.ezd

NOVO:
CAT314.ezd

------------------------------------



11/08/2026 15:57:29

TROCA DE PROGRAMA

ANTIGO:
CAT314.ezd

NOVO:
CAT626.ezd

------------------------------------



11/08/2026 15:57:34

TROCA DE PROGRAMA

ANTIGO:
CAT626.ezd

NOVO:
CAT314.ezd

------------------------------------



11/08/2026 15:57:41

TROCA DE PROGRAMA

ANTIGO:
CAT314.ezd

NOVO:
BOSCH127.ezd

------------------------------------



11/08/2026 16:01:09

TROCA DE PROGRAMA

ANTIGO:
BOSCH127.ezd

NOVO:
CAT314.ezd

------------------------------------



11/08/2026 16:03:00

TROCA DE PROGRAMA

ANTIGO:
CAT314.ezd

NOVO:
BOSCH127.ezd

------------------------------------



11/08/2026 16:03:14

TROCA DE PROGRAMA

ANTIGO:
BOSCH127.ezd

NOVO:
LOGO_FUNDIMIG.ezd

------------------------------------



11/08/2026 16:04:49

TROCA DE PROGRAMA

ANTIGO:
LOGO_FUNDIMIG.ezd

NOVO:
BOSCH127.ezd

------------------------------------



11/08/2026 16:05:25

TROCA DE PROGRAMA

ANTIGO:
BOSCH127.ezd

NOVO:
CAT314.ezd

------------------------------------



11/08/2026 16:10:24

TROCA DE PROGRAMA

ANTIGO:
CAT314.ezd

NOVO:
BOSCH127.ezd

------------------------------------



11/08/2026 16:10:33

TROCA DE PROGRAMA

ANTIGO:
BOSCH127.ezd

NOVO:
CAT314.ezd

------------------------------------



11/08/2026 16:11:05

TROCA DE PROGRAMA

ANTIGO:
CAT314.ezd

NOVO:
LOGO_FUNDIMIG.ezd

------------------------------------



11/08/2026 16:11:40

TROCA DE PROGRAMA

ANTIGO:
LOGO_FUNDIMIG.ezd

NOVO:
CAT626.ezd

------------------------------------



11/08/2026 16:11:47

TROCA DE PROGRAMA

ANTIGO:
CAT626.ezd

NOVO:
BOSCH127.ezd

------------------------------------



11/08/2026 16:14:17

TROCA DE PROGRAMA

ANTIGO:
BOSCH127.ezd

NOVO:
CAT314.ezd

------------------------------------



11/08/2026 16:14:28

TROCA DE PROGRAMA

ANTIGO:
CAT314.ezd

NOVO:
LOGO_FUNDIMIG.ezd

------------------------------------



11/08/2026 16:14:43

TROCA DE PROGRAMA

ANTIGO:
LOGO_FUNDIMIG.ezd

NOVO:
CAT626.ezd

------------------------------------



11/08/2026 16:14:52

TROCA DE PROGRAMA

ANTIGO:
CAT626.ezd

NOVO:
CAT314.ezd

------------------------------------



11/08/2026 16:15:06

TROCA DE PROGRAMA

ANTIGO:
CAT314.ezd

NOVO:
BOSCH127.ezd

------------------------------------



11/08/2026 16:15:16

TROCA DE PROGRAMA

ANTIGO:
BOSCH127.ezd

NOVO:
CAT314.ezd

------------------------------------



11/08/2026 16:29:12

TROCA DE PROGRAMA

ANTIGO:
CAT314.ezd

NOVO:
BOSCH127.ezd

------------------------------------



11/08/2026 16:29:23

TROCA DE PROGRAMA

ANTIGO:
BOSCH127.ezd

NOVO:
CAT314.ezd

------------------------------------



11/08/2026 16:32:58

TROCA DE PROGRAMA

ANTIGO:
CAT314.ezd

NOVO:
BOSCH127.ezd

------------------------------------



11/08/2026 16:36:38

TROCA DE PROGRAMA

ANTIGO:
BOSCH127.ezd

NOVO:
LOGO_FUNDIMIG.ezd

------------------------------------



11/08/2026 16:36:46

TROCA DE PROGRAMA

ANTIGO:
LOGO_FUNDIMIG.ezd

NOVO:
BOSCH127.ezd

------------------------------------



11/08/2026 16:36:54

TROCA DE PROGRAMA

ANTIGO:
BOSCH127.ezd

NOVO:
CAT314.ezd

------------------------------------



11/08/2026 16:57:52

TROCA DE PROGRAMA

ANTIGO:
CAT314.ezd

NOVO:
BOSCH127.ezd

------------------------------------



11/08/2026 16:58:25

TROCA DE PROGRAMA

ANTIGO:
BOSCH127.ezd

NOVO:
CAT314.ezd

------------------------------------



11/08/2026 17:04:07

TROCA DE PROGRAMA

ANTIGO:
CAT314.ezd

NOVO:
BOSCH127.ezd

------------------------------------



11/08/2026 17:04:19

TROCA DE PROGRAMA

ANTIGO:
BOSCH127.ezd

NOVO:
CAT314.ezd

------------------------------------



11/08/2026 17:04:27

TROCA DE PROGRAMA

ANTIGO:
CAT314.ezd

NOVO:
LOGO_FUNDIMIG.ezd

------------------------------------



11/08/2026 17:04:36

TROCA DE PROGRAMA

ANTIGO:
LOGO_FUNDIMIG.ezd

NOVO:
CAT626.ezd

------------------------------------



11/08/2026 17:04:47

TROCA DE PROGRAMA

ANTIGO:
CAT626.ezd

NOVO:
BOSCH127.ezd

------------------------------------



11/08/2026 17:05:03

TROCA DE PROGRAMA

ANTIGO:
BOSCH127.ezd

NOVO:
CAT314.ezd

------------------------------------



11/08/2026 17:05:46

ANTIGO:
ASDQWE

NOVO:
MMMFDS

------------------------------------



11/08/2026 17:06:00

TROCA DE PROGRAMA

ANTIGO:
CAT314.ezd

NOVO:
CAT626.ezd

------------------------------------



12/08/2026 08:43:50

TROCA DE PROGRAMA

ANTIGO:
CAT626.ezd

NOVO:
BOSCH127.ezd

------------------------------------



12/08/2026 08:47:18

TROCA DE PROGRAMA

ANTIGO:
BOSCH127.ezd

NOVO:
CAT314.ezd

------------------------------------



12/08/2026 08:48:24

TROCA DE PROGRAMA

ANTIGO:
CAT314.ezd

NOVO:
BOSCH127.ezd

------------------------------------



12/08/2026 08:48:30

TROCA DE PROGRAMA

ANTIGO:
BOSCH127.ezd

NOVO:
LOGO_FUNDIMIG.ezd

------------------------------------



12/08/2026 09:01:11

TROCA DE PROGRAMA

ANTIGO:
LOGO_FUNDIMIG.ezd

NOVO:
CAT626.ezd

------------------------------------



12/08/2026 09:01:17

TROCA DE PROGRAMA

ANTIGO:
CAT626.ezd

NOVO:
CAT314.ezd

------------------------------------



12/08/2026 09:01:22

ANTIGO:
MMMFDS

NOVO:
AAAAAA

------------------------------------



12/08/2026 09:08:08

TROCA DE PROGRAMA

ANTIGO:
CAT314.ezd

NOVO:
CAT626.ezd

------------------------------------



12/08/2026 09:08:50

TROCA DE PROGRAMA

ANTIGO:
CAT626.ezd

NOVO:
CAT314.ezd

------------------------------------



12/08/2026 11:26:28

TROCA DE PROGRAMA

ANTIGO:
CAT314.ezd

NOVO:
LOGO_FUNDIMIG.ezd

------------------------------------



20/08/2026 08:22:22

ERRO AO TROCAR PROGRAMA NO HORUS

PROGRAMA:
BOSCH127.ezd

ERRO:
ERRO: timed out

------------------------------------



20/08/2026 10:34:45

ERRO AO TROCAR PROGRAMA NO HORUS

PROGRAMA:
CAT314.ezd

ERRO:
ERRO: timed out

------------------------------------



20/08/2026 11:20:40

ERRO AO TROCAR PROGRAMA NO HORUS

PROGRAMA:
CAT626.ezd

ERRO:
ERRO: timed out

------------------------------------



20/08/2026 11:20:54

ANTIGO:
AAAAAA

NOVO:
BBBBBB

------------------------------------



20/08/2026 11:21:15

ERRO AO TROCAR PROGRAMA NO HORUS

PROGRAMA:
BOSCH127.ezd

ERRO:
ERRO: timed out

------------------------------------



20/08/2026 11:21:34

ERRO AO TROCAR PROGRAMA NO HORUS

PROGRAMA:
BOSCH127.ezd

ERRO:
ERRO: timed out

------------------------------------

